// Jest Snapshot v1, https://goo.gl/fbAQLP

exports[`execute async handler should fail when throwing an error 1`] = `[Error: Fail]`;

exports[`execute async handler should succeed with a returned large payload 1`] = `
Array [
  Object {
    "localized": Array [],
    "title": Object {
      "editedVersions": Array [],
      "libraryTitle": "Friends",
      "mpmFamilyNumber": "1234567",
      "mpmNumber": "1234567",
      "originalReleaseYear": 1234,
      "originallyAiredAs": "7",
      "poster": Object {
        "assetDist": Array [
          "all",
        ],
        "assetId": 123456789,
        "assetLanguage": Array [
          "english",
        ],
        "assetNotes": "Digital distribution image: 2000x3000 300dpi vertical key art with title treatment",
        "assetSubType": Array [
          "DigitalOneSheet",
        ],
        "assetType": "Key Art",
        "cpmTitleId": 41234,
        "createdTime": 1234567890123,
        "graphicAspectRatio": "2:3 Vertical",
        "id": "1234567",
        "kl": "Live",
        "mpmNumber": "1234567",
        "pWhvdirect": "true",
        "pixelAspectRatio": "2/3",
        "pixelHeight": 1234,
        "pixelRatio": "2000 x 3000 pixels",
        "pixelWidth": 1234,
        "productFormat": "NONE",
        "publicAsset": true,
        "publicOnLiveSearch": true,
        "renditions": Array [
          Object {
            "renditionId": 1234,
            "renditionName": "omitted",
            "url": "https://example.wb.com/abcdefghijklmnopqrstuvwxyz12345678901234567890123456789123456789012345678901234567890123456789012345678901234567890",
          },
          Object {
            "renditionId": 1234,
            "renditionName": "omitted",
            "url": "https://example.wb.com/abcdefghijklmnopqrstuvwxyz12345678901234567890123456789123456789012345678901234567890123456789012345678901234567890",
          },
          Object {
            "renditionId": 1234,
            "renditionName": "omitted",
            "url": "https://example.wb.com/abcdefghijklmnopqrstuvwxyz12345678901234567890123456789123456789012345678901234567890123456789012345678901234567890",
          },
          Object {
            "renditionId": 1234,
            "renditionName": "omitted",
            "url": "https://example.wb.com/abcdefghijklmnopqrstuvwxyz12345678901234567890123456789123456789012345678901234567890123456789012345678901234567890",
          },
          Object {
            "renditionId": 1234,
            "renditionName": "omitted",
            "url": "https://example.wb.com/abcdefghijklmnopqrstuvwxyz12345678901234567890123456789123456789012345678901234567890123456789012345678901234567890",
          },
          Object {
            "renditionId": 1234,
            "renditionName": "omitted",
            "url": "https://example.wb.com/abcdefghijklmnopqrstuvwxyz12345678901234567890123456789123456789012345678901234567890123456789012345678901234567890",
          },
          Object {
            "renditionId": 1234,
            "renditionName": "omitted",
            "url": "https://example.wb.com/abcdefghijklmnopqrstuvwxyz12345678901234567890123456789123456789012345678901234567890123456789012345678901234567890",
          },
          Object {
            "renditionId": 1234,
            "renditionName": "omitted",
            "url": "https://example.wb.com/abcdefghijklmnopqrstuvwxyz12345678901234567890123456789123456789012345678901234567890123456789012345678901234567890",
          },
          Object {
            "renditionId": 1234,
            "renditionName": "omitted",
            "url": "https://example.wb.com/abcdefghijklmnopqrstuvwxyz12345678901234567890123456789123456789012345678901234567890123456789012345678901234567890",
          },
          Object {
            "renditionId": 1234,
            "renditionName": "omitted",
            "url": "https://example.wb.com/abcdefghijklmnopqrstuvwxyz12345678901234567890123456789123456789012345678901234567890123456789012345678901234567890",
          },
          Object {
            "renditionId": 1234,
            "renditionName": "omitted",
            "url": "https://example.wb.com/abcdefghijklmnopqrstuvwxyz12345678901234567890123456789123456789012345678901234567890123456789012345678901234567890",
          },
        ],
        "responsibleParty": "WHV",
        "sensitiveAsset": false,
        "timeStamp": 1588282980472,
        "usageCountry": Array [
          "unitedstates",
          "unitedkingdom",
          "afghanistan",
          "albania",
          "algeria",
          "andorra",
          "angola",
          "anguilla",
          "antiguaandbarbuda",
          "argentina",
          "armenia",
          "aruba",
          "australia",
          "austria",
          "azerbaijan",
          "bahamas",
          "bahrain",
          "bangladesh",
          "barbados",
          "belarus",
          "belgium",
          "benin",
          "bermuda",
          "bhutan",
          "bolivia",
          "bosniaandherzegovina",
          "botswana",
          "belize",
          "brazil",
          "britishvirginislands",
          "brunei",
          "bulgaria",
          "burkinafaso",
          "burmamyanmar",
          "burundi",
          "cambodia",
          "cameroon",
          "canada",
          "capeverde",
          "caymanislands",
          "centralafricanrepublic",
          "chad",
          "chile",
          "china",
          "colombia",
          "comoros",
          "congo",
          "congodemocraticrepublicof",
          "costarica",
          "coted39ivoireivorycoast",
          "croatia",
          "cuba",
          "cyprus",
          "czechrepublic",
          "denmark",
          "djibouti",
          "dominica",
          "dominicanrepublic",
          "ecuador",
          "egypt",
          "elsalvador",
          "equatorialguinea",
          "eritrea",
          "estonia",
          "ethiopia",
          "fiji",
          "finland",
          "france",
          "frenchguyana",
          "gabon",
          "gambia",
          "georgia",
          "germany",
          "ghana",
          "greece",
          "grenada",
          "guatemala",
          "guinea",
          "guineabissau",
          "guyana",
          "haiti",
          "honduras",
          "hongkong",
          "hungary",
          "iceland",
          "india",
          "indonesia",
          "iran",
          "iraq",
          "ireland",
          "israel",
          "italy",
          "jamaica",
          "japan",
          "jordan",
          "kazakstan",
          "kenya",
          "kiribati",
          "koreanorth",
          "koreasouth",
          "kuwait",
          "kyrgyzstan",
          "laos",
          "latvia",
          "lebanon",
          "lesotho",
          "liberia",
          "libya",
          "liechtenstein",
          "lithuania",
          "luxembourg",
          "macedonia",
          "macau",
          "madagascar",
          "malawi",
          "malaysia",
          "maldives",
          "mali",
          "malta",
          "marshallislands",
          "mauritania",
          "mauritius",
          "mexico",
          "micronesia",
          "moldova",
          "monaco",
          "mongolia",
          "morocco",
          "mozambique",
          "namibia",
          "nauru",
          "nepal",
          "netherlands",
          "newzealand",
          "nicaragua",
          "niger",
          "nigeria",
          "norway",
          "oman",
          "pakistan",
          "palau",
          "panama",
          "papuanewguinea",
          "paraguay",
          "peru",
          "philippines",
          "poland",
          "portugal",
          "qatar",
          "romania",
          "russia",
          "rwanda",
          "saintkittsandnevis",
          "saintlucia",
          "saintvincentandthegrenadines",
          "samoa",
          "sanmarino",
          "saotomeandprincipe",
          "saudiarabia",
          "senegal",
          "seychelles",
          "sierraleone",
          "singapore",
          "slovakia",
          "slovenia",
          "solomonislands",
          "somalia",
          "southafrica",
          "spain",
          "srilanka",
          "sudan",
          "suriname",
          "swaziland",
          "sweden",
          "switzerland",
          "syria",
          "taiwan",
          "tajikistan",
          "tanzania",
          "thailand",
          "togo",
          "tonga",
          "trinidadandtobago",
          "tunisia",
          "turkey",
          "turkmenistan",
          "tuvalu",
          "uganda",
          "ukraine",
          "unitedarabemirates",
          "uruguay",
          "uzbekistan",
          "vanuatu",
          "vaticancity",
          "venezuela",
          "vietnam",
          "yemen",
          "yugoslavia",
          "zambia",
          "zimbabwe",
        ],
        "usageCountryCount": 200,
        "whvAssetType": "EST/VOD One Sheet",
      },
      "talent": Array [
        Object {
          "akaId": 12345,
          "createdBy": "omitted",
          "createdTime": 1234567890123,
          "creditSequence": 4,
          "directionalLabel": "is related to",
          "label": "Shana Goldberg-Meehan",
          "role": "Executive Producer",
          "talentData": Array [
            Object {
              "akaId": 12345,
              "creditSequence": 4,
              "role": "Executive Producer",
            },
          ],
          "timeStamp": 1591213204090,
          "type": "configuration/entityTypes/Talent",
          "updatedBy": "omitted",
          "updatedTime": 1234567890123,
          "uri": "xx/yy",
        },
        Object {
          "akaId": 12345,
          "createdBy": "omitted",
          "createdTime": 1234567890123,
          "creditSequence": 1,
          "directionalLabel": "is related to",
          "label": "Kevin S. Bright",
          "role": "Executive Producer",
          "talentData": Array [
            Object {
              "akaId": 12345,
              "creditSequence": 1,
              "role": "Executive Producer",
            },
          ],
          "timeStamp": 1591213204090,
          "type": "configuration/entityTypes/Talent",
          "updatedBy": "omitted",
          "updatedTime": 1234567890123,
          "uri": "xx/yy",
        },
        Object {
          "akaId": 12345,
          "createdBy": "omitted",
          "createdTime": 1234567890123,
          "creditSequence": 5,
          "directionalLabel": "is related to",
          "label": "Scott Silveri",
          "role": "Executive Producer",
          "talentData": Array [
            Object {
              "akaId": 12345,
              "creditSequence": 5,
              "role": "Executive Producer",
            },
          ],
          "timeStamp": 1591213204090,
          "type": "configuration/entityTypes/Talent",
          "updatedBy": "omitted",
          "updatedTime": 1234567890123,
          "uri": "xx/yy",
        },
        Object {
          "akaId": 123,
          "character": "Monica Geller",
          "createdBy": "omitted",
          "createdTime": 1234567890123,
          "creditSequence": 2,
          "directionalLabel": "is related to",
          "label": "Courteney Cox",
          "role": "Actor",
          "talentData": Array [
            Object {
              "akaId": 123,
              "character": "Monica Geller",
              "creditSequence": 2,
              "role": "Actor",
            },
          ],
          "timeStamp": 1591213204090,
          "type": "configuration/entityTypes/Talent",
          "updatedBy": "omitted",
          "updatedTime": 1234567890123,
          "uri": "xx/yy",
        },
        Object {
          "akaId": 12345,
          "character": "Chandler Bing",
          "createdBy": "omitted",
          "createdTime": 1234567890123,
          "creditSequence": 5,
          "directionalLabel": "is related to",
          "label": "Matthew Perry",
          "role": "Actor",
          "talentData": Array [
            Object {
              "akaId": 12345,
              "character": "Chandler Bing",
              "creditSequence": 5,
              "role": "Actor",
            },
          ],
          "timeStamp": 1591213204090,
          "type": "configuration/entityTypes/Talent",
          "updatedBy": "omitted",
          "updatedTime": 1234567890123,
          "uri": "xx/yy",
        },
      ],
      "timeStamp": 1234567890123,
      "title": "Friends",
      "tomatoMeter": 0,
      "type": "Season",
    },
  },
]
`;

exports[`execute async handler should succeed with a returned value 1`] = `"foo"`;

exports[`execute callback handler should fail when returning an error 1`] = `[Error: Fail]`;

exports[`execute callback handler should succeed with a returned value 1`] = `"foo"`;

exports[`execute non-promise returned handler should resolve to null 1`] = `null`;
